Ultimos fichajes de Barcelona: Neymar Messi 
Ultimos fichajes de Barcelona: Suarez Messi 
Equipos que han fichado a Messi: 2
Jugadores fichados por Barcelona: 2
Jugadores fichados por PSG: 1
El equipo de Griezmann es Barcelona
Ultimos fichajes de Barcelona: Mbappe Griezmann Suarez 
---
ERROR: Equipo inexistente
Equipos que han fichado a Messi: 0
Ultimos fichajes de Barcelona: 
Ultimos fichajes de PSG: Messi 
ERROR: Equipo inexistente
ERROR: Jugador inexistente
---